V3 3
FL /home/INTRA/chakal/workspace/project/vivado/ECHO_MODULE/ECHO_MODULE.vhd 2017/05/20.09:25:39 P.20131013
EN work/ECHO_MODULE 1495261547 \
      FL /home/INTRA/chakal/workspace/project/vivado/ECHO_MODULE/ECHO_MODULE.vhd \
      PB ieee/std_logic_1164 1381692176 PB ieee/NUMERIC_STD 1381692181
AR work/ECHO_MODULE/RTL 1495261548 \
      FL /home/INTRA/chakal/workspace/project/vivado/ECHO_MODULE/ECHO_MODULE.vhd \
      EN work/ECHO_MODULE 1495261547
